Verification log: /home/ubuntu22/Piper-VLA/logs/environment_verify_20260728_164001.log
Python: Python 3.12.13
Executable: /home/ubuntu22/miniforge3/envs/lerobot/bin/python
No broken requirements found.
load extensions from /home/ubuntu22/miniforge3/envs/lerobot/lib/python3.12/site-packages/extensions
{
  "torch": "2.11.0+cu128",
  "torchvision": "0.26.0+cu128",
  "lerobot": "0.6.0",
  "av": "15.0.0",
  "torchcodec": "0.11.1+cpu",
  "can": "4.6.1",
  "piper_sdk": "imported",
  "pyorbbecsdk": "imported"
}
CUDA smoke test passed: NVIDIA RTX 4000 Ada Generation, CUDA 12.8
LeRobot CLI smoke tests passed.
PyAV encode/decode passed: 30 frames
TorchCodec decode passed: 30 frames
Orbbec module: /home/ubuntu22/miniforge3/envs/lerobot/lib/python3.12/site-packages/pyorbbecsdk.cpython-312-x86_64-linux-gnu.so
	linux-vdso.so.1 (0x00007ffc306a9000)
	libOrbbecSDK.so.2 => /home/ubuntu22/miniforge3/envs/lerobot/lib/python3.12/site-packages/libOrbbecSDK.so.2 (0x0000789e86000000)
	libstdc++.so.6 => /home/ubuntu22/miniforge3/envs/lerobot/lib/libstdc++.so.6 (0x0000789e85c00000)
	libgcc_s.so.1 => /home/ubuntu22/miniforge3/envs/lerobot/lib/libgcc_s.so.1 (0x0000789e872a9000)
	libc.so.6 => /lib/x86_64-linux-gnu/libc.so.6 (0x0000789e85800000)
	/lib64/ld-linux-x86-64.so.2 (0x0000789e872d8000)
	libdl.so.2 => /lib/x86_64-linux-gnu/libdl.so.2 (0x0000789e87290000)
	libpthread.so.0 => /lib/x86_64-linux-gnu/libpthread.so.0 (0x0000789e8728b000)
	libm.so.6 => /lib/x86_64-linux-gnu/libm.so.6 (0x0000789e871a4000)
Orbbec native dependency check passed.
All environment checks passed.
